// Jest Snapshot v1, https://goo.gl/fbAQLP

exports[`<Center /> should render 1`] = `
<div
  class="sc-bcXHqe kzKljj"
  data-testid="center-comp"
  display="flex"
>
  Center
</div>
`;
