// Jest Snapshot v1, https://goo.gl/fbAQLP

exports[`<Stack /> should render 1`] = `
<div
  class="sc-bcXHqe csJgvw"
  data-testid="stack-comp"
>
  Stack
</div>
`;
