// Jest Snapshot v1, https://goo.gl/fbAQLP

exports[`<Hstack /> should render 1`] = `
<div
  class="sc-bcXHqe hA-dBqr"
  data-testid="hstack-comp"
  direction="row"
>
  Hstack
</div>
`;
